[dotenv@17.3.1] injecting env (8) from .env -- tip: ≡ƒöÉ encrypt with Dotenvx: https://dotenvx.com
Testing gemini-2.5-flash...
Γ£à gemini-2.5-flash success!
Testing gemini-2.5-flash-lite...
Γ£à gemini-2.5-flash-lite success!
Testing gemini-2.5-pro...
Testing gemini-2.0-flash...
